/index 235.313.352.950
/about 555.576.836.194
/help 336.284.013.698
/index 646.865.545.408
/about 715.156.286.412
/index 126.318.035.038
/index 235.313.352.950
/index 646.865.545.408
/about 715.156.286.412
/about 715.156.286.412
/about 715.156.286.412
/about 715.156.286.412